# command : /root/RoutingDrift/src/routingdrift/quantization/run_experiment.py --model_name allenai/OLMoE-1B-7B-0924 --revision 6d84c48581ece794365f2b8e9cfb043c68ade9c5 --top_k 8 --output_dir /results/olmoe_top8 --precisions fp16 int8 int4 --target_module mlp.gate --prompts_file /results/mmlu_prompts.txt --max_length 128 --seed 0 --skip_heatmaps --resume --measure_nll
# started : 2026-08-03T17:57:13.086802+00:00
# cwd     : /root/RoutingDrift
#----------------------------------------------------------------------------
[repro] logging this run to /results/olmoe_top8/logs/run_experiment_20260803T175713Z.log
[repro] seed=0 deterministic=True tf32_matmul=False
[Prompts] Loaded 100 prompts from /results/mmlu_prompts.txt
[Saved] /results/olmoe_top8/prompts_used.txt
[Saved] /results/olmoe_top8/run_manifest.json

========== REUSING fp16 from routes_fp16.json.gz (16 modules, 119952 rows) ==========

========== Loading variant: fp16 ==========
[load_model] pinned revision: 6d84c48581ece794365f2b8e9cfb043c68ade9c5
2026-08-03:17:57:20,104 INFO     [modeling.py:1000] We will use 90% of the memory on device 0 for storing the model, and 10% for the buffer to avoid OOM. You can set `max_memory` in to a higher value to use more memory (at your own risk).
Loading checkpoint shards:   0%|          | 0/3 [00:00<?, ?it/s]Loading checkpoint shards:  33%|###3      | 1/3 [00:10<00:21, 10.67s/it]Loading checkpoint shards:  67%|######6   | 2/3 [00:20<00:10, 10.37s/it]Loading checkpoint shards: 100%|##########| 3/3 [00:27<00:00,  8.64s/it]Loading checkpoint shards: 100%|##########| 3/3 [00:27<00:00,  9.14s/it]
[load] quantized modules: 0 of 3153 Linear (model is unquantized)

========== NLL for fp16 ==========
[nll] fp16: 2.276696
[Saved] unchanged, reused /results/olmoe_top8/routes_fp16.json.gz

========== REUSING int8 from routes_int8.json.gz (16 modules, 119952 rows) ==========

========== Loading variant: int8 ==========
[load_model] pinned revision: 6d84c48581ece794365f2b8e9cfb043c68ade9c5
Loading checkpoint shards:   0%|          | 0/3 [00:00<?, ?it/s]Loading checkpoint shards:  33%|###3      | 1/3 [00:07<00:14,  7.03s/it]Loading checkpoint shards:  67%|######6   | 2/3 [00:14<00:07,  7.24s/it]Loading checkpoint shards: 100%|##########| 3/3 [00:20<00:00,  6.49s/it]Loading checkpoint shards: 100%|##########| 3/3 [00:20<00:00,  6.67s/it]
[load] quantized modules: 3152 of 3153 Linear [Linear8bitLt=3152]; 16 layers touched, layers 0-15

========== NLL for int8 ==========
[nll] int8: 2.279813
[Saved] unchanged, reused /results/olmoe_top8/routes_int8.json.gz

========== REUSING int4 from routes_int4.json.gz (16 modules, 119952 rows) ==========

========== Loading variant: int4 ==========
[load_model] pinned revision: 6d84c48581ece794365f2b8e9cfb043c68ade9c5
Loading checkpoint shards:   0%|          | 0/3 [00:00<?, ?it/s]Loading checkpoint shards:  33%|###3      | 1/3 [00:07<00:14,  7.49s/it]Loading checkpoint shards:  67%|######6   | 2/3 [00:15<00:07,  7.56s/it]Loading checkpoint shards: 100%|##########| 3/3 [00:21<00:00,  6.89s/it]Loading checkpoint shards: 100%|##########| 3/3 [00:21<00:00,  7.07s/it]
[load] quantized modules: 3152 of 3153 Linear [Linear4bit=3152]; 16 layers touched, layers 0-15

========== NLL for int4 ==========
[nll] int4: 2.363338
[Saved] unchanged, reused /results/olmoe_top8/routes_int4.json.gz
[guard] baseline-vs-baseline RS = 1.0000000000 (expected 1.0)

Research Metrics int8 vs fp16
  Routing similarity RS : 0.9512
  Jaccard routing drift : 0.0488
  Overlap@k             : 0.9723
  Selection shift       : 0.0277

Research Metrics int4 vs fp16
  Routing similarity RS : 0.8858
  Jaccard routing drift : 0.1142
  Overlap@k             : 0.9340
  Selection shift       : 0.0660

[Saved] /results/olmoe_top8/routing_drift_summary.csv
[Saved] /results/olmoe_top8/routing_drift_layers.csv
[Saved] /results/olmoe_top8/summary.md
[Saved] /results/olmoe_top8/run_manifest.json

[Done] Results in /results/olmoe_top8   Log: /results/olmoe_top8/logs/run_experiment_20260803T175713Z.log
#----------------------------------------------------------------------------
# finished: 2026-08-03T18:07:34.021319+00:00
