# command : /root/RoutingDrift/src/routingdrift/quantization/route_replay.py --model_name allenai/OLMoE-1B-7B-0924 --revision 6d84c48581ece794365f2b8e9cfb043c68ade9c5 --prompts_file /results/mmlu_prompts.txt --baseline_routes /results/olmoe_top8/routes_fp16.json --replay_routes /results/olmoe_top8/routes_int4.json --quant_precision int4 --top_k 8 --target_module mlp.gate --max_length 128 --output_dir /results/olmoe_replay
# started : 2026-08-03T03:35:48.617939+00:00
# cwd     : /root/RoutingDrift
#----------------------------------------------------------------------------
[repro] logging this run to /results/olmoe_replay/logs/replay_20260803T033548Z.log
[repro] seed=0 deterministic=True tf32_matmul=False
[replay] 100 prompts
[load_model] pinned revision: 6d84c48581ece794365f2b8e9cfb043c68ade9c5
Loading checkpoint shards:   0%|          | 0/3 [00:00<?, ?it/s]Loading checkpoint shards:  33%|###3      | 1/3 [00:11<00:23, 11.70s/it]Loading checkpoint shards:  67%|######6   | 2/3 [00:23<00:12, 12.00s/it]Loading checkpoint shards: 100%|##########| 3/3 [00:33<00:00, 11.03s/it]Loading checkpoint shards: 100%|##########| 3/3 [00:33<00:00, 11.26s/it]
[RouteReplayer] replaying recorded routes into 16 router modules
[replay] self-check exact=True (0/119952 rows differ)
[replay] NLL fp16                     = 2.276696
[replay] NLL fp16 + fp16 routing      = 5.188604  (control)
[replay] norm_topk_prob = False
[replay] WARNING: control shifted NLL by +2.911908 with identical expert
         selections. This model does not renormalise top-k probabilities, so
         masking alters mixing weights. Attribution below is reported against
         the control, not against plain FP16.
[RouteReplayer] replaying recorded routes into 16 router modules
[replay] NLL fp16 + int4 routing       = 5.146268
[load_model] pinned revision: 6d84c48581ece794365f2b8e9cfb043c68ade9c5
Loading checkpoint shards:   0%|          | 0/3 [00:00<?, ?it/s]Loading checkpoint shards:  33%|###3      | 1/3 [00:08<00:17,  8.80s/it]Loading checkpoint shards:  67%|######6   | 2/3 [00:17<00:08,  8.74s/it]Loading checkpoint shards: 100%|##########| 3/3 [00:24<00:00,  7.97s/it]Loading checkpoint shards: 100%|##########| 3/3 [00:24<00:00,  8.19s/it]
[replay] NLL int4                     = 2.363338

==================================================================
Routing attribution: 1.5% of the int4 degradation
is explained by changed expert selection alone, with FP16 weights throughout.
-> Drift is largely an epiphenomenon; the damage lives in expert weights.
   This contradicts the common intuition and is itself the result.
==================================================================
[Saved] /results/olmoe_replay/run_manifest.json
#----------------------------------------------------------------------------
# finished: 2026-08-03T03:47:02.460966+00:00
