# command : /root/RoutingDrift/src/routingdrift/quantization/route_replay.py --model_name allenai/OLMoE-1B-7B-0924 --revision 6d84c48581ece794365f2b8e9cfb043c68ade9c5 --prompts_file /results/mmlu_prompts.txt --baseline_routes /results/olmoe_top8/routes_fp16.json --replay_routes /results/olmoe_top8/routes_int4.json --quant_precision int4 --top_k 8 --target_module mlp.gate --max_length 128 --output_dir /results/olmoe_replay
# started : 2026-08-03T04:13:30.511429+00:00
# cwd     : /root/RoutingDrift
#----------------------------------------------------------------------------
[repro] logging this run to /results/olmoe_replay/logs/replay_20260803T041330Z.log
[repro] seed=0 deterministic=True tf32_matmul=False
[replay] 100 prompts
[load_model] pinned revision: 6d84c48581ece794365f2b8e9cfb043c68ade9c5
Loading checkpoint shards:   0%|          | 0/3 [00:00<?, ?it/s]Loading checkpoint shards:  33%|###3      | 1/3 [00:08<00:16,  8.27s/it]Loading checkpoint shards:  67%|######6   | 2/3 [00:16<00:08,  8.35s/it]Loading checkpoint shards: 100%|##########| 3/3 [00:23<00:00,  7.50s/it]Loading checkpoint shards: 100%|##########| 3/3 [00:23<00:00,  7.72s/it]
[replay] NLL fp16                     = 2.276696
[replay] method=block  norm_topk_prob=False
[replay] NLL fp16 + fp16 routing      = 2.276696  (control, artifact +0.000000)
[replay] NLL fp16 + int4 routing       = 2.279028
[load_model] pinned revision: 6d84c48581ece794365f2b8e9cfb043c68ade9c5
Loading checkpoint shards:   0%|          | 0/3 [00:00<?, ?it/s]Loading checkpoint shards:  33%|###3      | 1/3 [00:07<00:14,  7.19s/it]Loading checkpoint shards:  67%|######6   | 2/3 [00:14<00:07,  7.19s/it]Loading checkpoint shards: 100%|##########| 3/3 [00:20<00:00,  6.54s/it]Loading checkpoint shards: 100%|##########| 3/3 [00:20<00:00,  6.72s/it]
[replay] NLL int4                     = 2.363338

==================================================================
Routing attribution: 2.7% of the int4 degradation
is explained by changed expert selection alone, with FP16 weights throughout.
-> Drift is largely an epiphenomenon; the damage lives in expert weights.
   This contradicts the common intuition and is itself the result.
==================================================================
[Saved] /results/olmoe_replay/run_manifest.json
#----------------------------------------------------------------------------
# finished: 2026-08-03T04:21:36.216150+00:00
