# command : /root/RoutingDrift/src/routingdrift/compiler/real_model_breaks.py --model_name allenai/OLMoE-1B-7B-0924 --revision 6d84c48581ece794365f2b8e9cfb043c68ade9c5 --seq_len 64 --output_dir /results/compiler_real
# started : 2026-08-03T04:15:20.316187+00:00
# cwd     : /root/RoutingDrift
#----------------------------------------------------------------------------
[repro] logging this run to /results/compiler_real/logs/real_model_breaks_20260803T041520Z.log
[repro] seed=0 deterministic=True tf32_matmul=False
[load_model] pinned revision: 6d84c48581ece794365f2b8e9cfb043c68ade9c5
Loading checkpoint shards:   0%|          | 0/3 [00:00<?, ?it/s]Loading checkpoint shards:  33%|###3      | 1/3 [00:04<00:08,  4.01s/it]Loading checkpoint shards:  67%|######6   | 2/3 [00:07<00:03,  3.99s/it]Loading checkpoint shards: 100%|##########| 3/3 [00:11<00:00,  3.60s/it]Loading checkpoint shards: 100%|##########| 3/3 [00:11<00:00,  3.71s/it]
[breaks] allenai/OLMoE-1B-7B-0924
[breaks] layers=16 experts=64 top_k=8 hidden=2048 intermediate=1024
[breaks] running torch._dynamo.explain on the real checkpoint ...

[breaks] graph breaks : 23
[breaks] subgraphs    : 24
[breaks] per layer    : 1.44
[breaks] nodes/subgraph: [19, 21, 77, 10, 11, 10, 4, 77, 77, 77, 77, 77, 77, 77, 77, 77, 77, 77, 77, 77, 77, 77, 11, 5]
[breaks] locations:
            16x modeling_olmoe.py:662
           reason: dynamic shape operator: aten.nonzero.default; to enable, set torch._dynamo.config.capture_dynamic_ou
           reason: dynamic shape operator: aten.nonzero.default; to enable, set torch._dynamo.config.capture_dynamic_ou
           reason: dynamic shape operator: aten.nonzero.default; to enable, set torch._dynamo.config.capture_dynamic_ou
           reason: dynamic shape operator: aten.nonzero.default; to enable, set torch._dynamo.config.capture_dynamic_ou
           reason: dynamic shape operator: aten.nonzero.default; to enable, set torch._dynamo.config.capture_dynamic_ou

[breaks] retrying with capture_dynamic_output_shape_ops=True ...
[breaks] with capture : 0 breaks (23 of 23 removed)
[breaks] -> the routing break is REMOVABLE by a config flag, so it is
            not a structural limitation of MoE routing as the paper
            frames it. CAVEAT: fewer breaks is not the same as faster.
            Unbacked symbolic shapes can generate worse code, so this
            needs a latency measurement before being called a win.

[Saved] /results/compiler_real/real_model_graph_breaks.json
The installed version of bitsandbytes was compiled without GPU support. 8-bit optimizers, 8-bit multiplication, and GPU quantization are unavailable.
[Saved] /results/compiler_real/run_manifest.json
#----------------------------------------------------------------------------
# finished: 2026-08-03T04:18:07.439595+00:00
