# command : /root/RoutingDrift/src/routingdrift/quantization/run_experiment.py --model_name allenai/OLMoE-1B-7B-0924 --precisions fp16 int8 int4 --target_module mlp.gate --output_dir /results/smoke_top2 --top_k 2 --max_length 256 --skip_heatmaps
# started : 2026-08-02T17:51:51.582186+00:00
# cwd     : /root/RoutingDrift
#----------------------------------------------------------------------------
[repro] logging this run to /results/smoke_top2/logs/run_experiment_20260802T175151Z.log
[repro] seed=0 deterministic=True tf32_matmul=False
[Prompts] Using 5 built-in default prompts
[Saved] /results/smoke_top2/prompts_used.txt
[Saved] /results/smoke_top2/run_manifest.json

========== Loading variant: fp16 ==========
2026-08-02:17:52:00,809 INFO     [modeling.py:1000] We will use 90% of the memory on device 0 for storing the model, and 10% for the buffer to avoid OOM. You can set `max_memory` in to a higher value to use more memory (at your own risk).
Loading checkpoint shards:   0%|          | 0/3 [00:00<?, ?it/s]Loading checkpoint shards:  33%|###3      | 1/3 [00:09<00:19,  9.93s/it]Loading checkpoint shards:  67%|######6   | 2/3 [00:19<00:10, 10.01s/it]Loading checkpoint shards: 100%|##########| 3/3 [00:28<00:00,  9.26s/it]Loading checkpoint shards: 100%|##########| 3/3 [00:28<00:00,  9.45s/it]

========== Collecting routes for fp16 ==========
[RoutingLogger] Attached hook to: model.layers.0.mlp.gate
[RoutingLogger] Attached hook to: model.layers.1.mlp.gate
[RoutingLogger] Attached hook to: model.layers.2.mlp.gate
[RoutingLogger] Attached hook to: model.layers.3.mlp.gate
[RoutingLogger] Attached hook to: model.layers.4.mlp.gate
[RoutingLogger] Attached hook to: model.layers.5.mlp.gate
[RoutingLogger] Attached hook to: model.layers.6.mlp.gate
[RoutingLogger] Attached hook to: model.layers.7.mlp.gate
[RoutingLogger] Attached hook to: model.layers.8.mlp.gate
[RoutingLogger] Attached hook to: model.layers.9.mlp.gate
[RoutingLogger] Attached hook to: model.layers.10.mlp.gate
[RoutingLogger] Attached hook to: model.layers.11.mlp.gate
[RoutingLogger] Attached hook to: model.layers.12.mlp.gate
[RoutingLogger] Attached hook to: model.layers.13.mlp.gate
[RoutingLogger] Attached hook to: model.layers.14.mlp.gate
[RoutingLogger] Attached hook to: model.layers.15.mlp.gate
[RoutingLogger] 16 router hooks attached (num_experts=64, top_k=2)
[collect_routes] Prompt 1/5
[collect_routes] Prompt 2/5
[collect_routes] Prompt 3/5
[collect_routes] Prompt 4/5
[collect_routes] Prompt 5/5
[collect_routes] captured 16 modules, 864 token rows total

========== Determinism re-run for fp16 ==========
[determinism] PASS - routes bit-identical across repeated passes
[Saved] /results/smoke_top2/routes_fp16.json

========== Loading variant: int8 ==========
Loading checkpoint shards:   0%|          | 0/3 [00:00<?, ?it/s]Loading checkpoint shards:  33%|###3      | 1/3 [00:04<00:09,  4.52s/it]Loading checkpoint shards:  67%|######6   | 2/3 [00:09<00:04,  4.50s/it]Loading checkpoint shards: 100%|##########| 3/3 [00:12<00:00,  3.95s/it]Loading checkpoint shards: 100%|##########| 3/3 [00:12<00:00,  4.10s/it]

========== Collecting routes for int8 ==========
[RoutingLogger] Attached hook to: model.layers.0.mlp.gate
[RoutingLogger] Attached hook to: model.layers.1.mlp.gate
[RoutingLogger] Attached hook to: model.layers.2.mlp.gate
[RoutingLogger] Attached hook to: model.layers.3.mlp.gate
[RoutingLogger] Attached hook to: model.layers.4.mlp.gate
[RoutingLogger] Attached hook to: model.layers.5.mlp.gate
[RoutingLogger] Attached hook to: model.layers.6.mlp.gate
[RoutingLogger] Attached hook to: model.layers.7.mlp.gate
[RoutingLogger] Attached hook to: model.layers.8.mlp.gate
[RoutingLogger] Attached hook to: model.layers.9.mlp.gate
[RoutingLogger] Attached hook to: model.layers.10.mlp.gate
[RoutingLogger] Attached hook to: model.layers.11.mlp.gate
[RoutingLogger] Attached hook to: model.layers.12.mlp.gate
[RoutingLogger] Attached hook to: model.layers.13.mlp.gate
[RoutingLogger] Attached hook to: model.layers.14.mlp.gate
[RoutingLogger] Attached hook to: model.layers.15.mlp.gate
[RoutingLogger] 16 router hooks attached (num_experts=64, top_k=2)
[collect_routes] Prompt 1/5
[collect_routes] Prompt 2/5
[collect_routes] Prompt 3/5
[collect_routes] Prompt 4/5
[collect_routes] Prompt 5/5
[collect_routes] captured 16 modules, 864 token rows total
[Saved] /results/smoke_top2/routes_int8.json

========== Loading variant: int4 ==========
Loading checkpoint shards:   0%|          | 0/3 [00:00<?, ?it/s]Loading checkpoint shards:  33%|###3      | 1/3 [00:05<00:10,  5.04s/it]Loading checkpoint shards:  67%|######6   | 2/3 [00:09<00:04,  4.91s/it]Loading checkpoint shards: 100%|##########| 3/3 [00:13<00:00,  4.35s/it]Loading checkpoint shards: 100%|##########| 3/3 [00:13<00:00,  4.51s/it]

========== Collecting routes for int4 ==========
[RoutingLogger] Attached hook to: model.layers.0.mlp.gate
[RoutingLogger] Attached hook to: model.layers.1.mlp.gate
[RoutingLogger] Attached hook to: model.layers.2.mlp.gate
[RoutingLogger] Attached hook to: model.layers.3.mlp.gate
[RoutingLogger] Attached hook to: model.layers.4.mlp.gate
[RoutingLogger] Attached hook to: model.layers.5.mlp.gate
[RoutingLogger] Attached hook to: model.layers.6.mlp.gate
[RoutingLogger] Attached hook to: model.layers.7.mlp.gate
[RoutingLogger] Attached hook to: model.layers.8.mlp.gate
[RoutingLogger] Attached hook to: model.layers.9.mlp.gate
[RoutingLogger] Attached hook to: model.layers.10.mlp.gate
[RoutingLogger] Attached hook to: model.layers.11.mlp.gate
[RoutingLogger] Attached hook to: model.layers.12.mlp.gate
[RoutingLogger] Attached hook to: model.layers.13.mlp.gate
[RoutingLogger] Attached hook to: model.layers.14.mlp.gate
[RoutingLogger] Attached hook to: model.layers.15.mlp.gate
[RoutingLogger] 16 router hooks attached (num_experts=64, top_k=2)
[collect_routes] Prompt 1/5
[collect_routes] Prompt 2/5
[collect_routes] Prompt 3/5
[collect_routes] Prompt 4/5
[collect_routes] Prompt 5/5
[collect_routes] captured 16 modules, 864 token rows total
[Saved] /results/smoke_top2/routes_int4.json
[guard] baseline-vs-baseline RS = 1.0000000000 (expected 1.0)

Research Metrics int8 vs fp16
  Routing similarity RS : 0.9406
  Jaccard routing drift : 0.0594
  Overlap@k             : 0.9554
  Selection shift       : 0.0446

Research Metrics int4 vs fp16
  Routing similarity RS : 0.8746
  Jaccard routing drift : 0.1254
  Overlap@k             : 0.9057
  Selection shift       : 0.0943

[Saved] /results/smoke_top2/routing_drift_summary.csv
[Saved] /results/smoke_top2/routing_drift_layers.csv
[Saved] /results/smoke_top2/summary.md
[Saved] /results/smoke_top2/run_manifest.json

[Done] Results in /results/smoke_top2   Log: /results/smoke_top2/logs/run_experiment_20260802T175151Z.log
#----------------------------------------------------------------------------
# finished: 2026-08-02T17:53:36.931758+00:00
